[0m16:09:31.306996 [debug] [MainThread]: Sending event: {'category': 'dbt', 'action': 'invocation', 'label': 'start', 'context': [<snowplow_tracker.self_describing_json.SelfDescribingJson object at 0x000001A3D811A9F0>, <snowplow_tracker.self_describing_json.SelfDescribingJson object at 0x000001A3D290B920>, <snowplow_tracker.self_describing_json.SelfDescribingJson object at 0x000001A3D5610EF0>]}


============================== 16:09:31.306996 | 8f4561ba-18d3-4aac-8af2-aef0df0fbb57 ==============================
[0m16:09:31.306996 [info ] [MainThread]: Running with dbt=1.12.0-b3
[0m16:09:31.306996 [debug] [MainThread]: running dbt with arguments {'version_check': 'True', 'no_print': 'None', 'maximum_seed_size_mib': '1', 'target_path': 'None', 'static_parser': 'True', 'warn_error_options': 'WarnErrorOptionsV2(error=[], warn=[], silence=[])', 'printer_width': '80', 'write_json': 'True', 'introspect': 'True', 'log_cache_events': 'False', 'empty': 'False', 'cache_selected_only': 'False', 'fail_fast': 'False', 'debug': 'False', 'log_format': 'default', 'partial_parse': 'True', 'send_anonymous_usage_stats': 'True', 'quiet': 'False', 'warn_error': 'None', 'profiles_dir': 'C:\\Users\\s_erf\\.dbt', 'use_colors': 'True', 'indirect_selection': 'eager', 'invocation_command': 'dbt run', 'use_experimental_parser': 'False', 'log_path': 'logs'}
[0m16:09:31.306996 [error] [MainThread]: [[31mERROR[0m]: Encountered an error:
Runtime Error
  No dbt_project.yml found at expected path C:\Users\s_erf\OneDrive\Documentos\GitHub Repositories\membership-data\dbt_project.yml
  Verify that each entry within packages.yml (and their transitive dependencies) contains a file named dbt_project.yml
  
[0m16:09:31.306996 [debug] [MainThread]: Command `dbt run` failed at 16:09:31.306996 after 0.21 seconds
[0m16:09:31.306996 [debug] [MainThread]: Sending event: {'category': 'dbt', 'action': 'invocation', 'label': 'end', 'context': [<snowplow_tracker.self_describing_json.SelfDescribingJson object at 0x000001A3D6323FB0>, <snowplow_tracker.self_describing_json.SelfDescribingJson object at 0x000001A3D2F60F50>, <snowplow_tracker.self_describing_json.SelfDescribingJson object at 0x000001A3D81E8260>]}
[0m16:09:31.306996 [debug] [MainThread]: Flushing usage events
[0m16:09:32.368733 [debug] [MainThread]: An error was encountered while trying to flush usage events
[0m16:26:36.193146 [debug] [MainThread]: Sending event: {'category': 'dbt', 'action': 'invocation', 'label': 'start', 'context': [<snowplow_tracker.self_describing_json.SelfDescribingJson object at 0x00000138EB15CFE0>, <snowplow_tracker.self_describing_json.SelfDescribingJson object at 0x00000138EDE72870>, <snowplow_tracker.self_describing_json.SelfDescribingJson object at 0x00000138ED63D790>]}


============================== 16:26:36.195667 | f2f248d3-3e23-42a8-b3df-4fd7b9bd175b ==============================
[0m16:26:36.195667 [info ] [MainThread]: Running with dbt=1.12.0-b3
[0m16:26:36.195667 [debug] [MainThread]: running dbt with arguments {'static_parser': 'True', 'no_print': 'None', 'version_check': 'True', 'warn_error_options': 'WarnErrorOptionsV2(error=[], warn=[], silence=[])', 'target_path': 'None', 'maximum_seed_size_mib': '1', 'printer_width': '80', 'write_json': 'True', 'empty': 'False', 'log_cache_events': 'False', 'introspect': 'True', 'cache_selected_only': 'False', 'log_format': 'default', 'debug': 'False', 'fail_fast': 'False', 'partial_parse': 'True', 'send_anonymous_usage_stats': 'True', 'quiet': 'False', 'warn_error': 'None', 'profiles_dir': 'C:\\Users\\s_erf\\.dbt', 'invocation_command': 'dbt run -s dbt/membership_data/models/marts/dim_member.sql', 'indirect_selection': 'eager', 'use_colors': 'True', 'use_experimental_parser': 'False', 'log_path': 'logs'}
[0m16:26:36.195667 [error] [MainThread]: [[31mERROR[0m]: Encountered an error:
Runtime Error
  No dbt_project.yml found at expected path C:\Users\s_erf\OneDrive\Documentos\GitHub Repositories\membership-data\dbt_project.yml
  Verify that each entry within packages.yml (and their transitive dependencies) contains a file named dbt_project.yml
  
[0m16:26:36.201275 [debug] [MainThread]: Command `dbt run` failed at 16:26:36.201275 after 0.34 seconds
[0m16:26:36.201275 [debug] [MainThread]: Sending event: {'category': 'dbt', 'action': 'invocation', 'label': 'end', 'context': [<snowplow_tracker.self_describing_json.SelfDescribingJson object at 0x00000138EA712030>, <snowplow_tracker.self_describing_json.SelfDescribingJson object at 0x00000138ECB4F2F0>, <snowplow_tracker.self_describing_json.SelfDescribingJson object at 0x00000138ECB4F1D0>]}
[0m16:26:36.203081 [debug] [MainThread]: Flushing usage events
[0m16:26:37.383928 [debug] [MainThread]: An error was encountered while trying to flush usage events
[0m17:10:49.756902 [debug] [MainThread]: Sending event: {'category': 'dbt', 'action': 'invocation', 'label': 'start', 'context': [<snowplow_tracker.self_describing_json.SelfDescribingJson object at 0x00000163110513A0>, <snowplow_tracker.self_describing_json.SelfDescribingJson object at 0x000001630E166FF0>, <snowplow_tracker.self_describing_json.SelfDescribingJson object at 0x000001631171FFE0>]}


============================== 17:10:49.772800 | c06ba086-d24c-4a53-9659-440a00aa9639 ==============================
[0m17:10:49.772800 [info ] [MainThread]: Running with dbt=1.12.0-b3
[0m17:10:49.772800 [debug] [MainThread]: running dbt with arguments {'version_check': 'True', 'no_print': 'None', 'static_parser': 'True', 'target_path': 'None', 'warn_error_options': 'WarnErrorOptionsV2(error=[], warn=[], silence=[])', 'maximum_seed_size_mib': '1', 'printer_width': '80', 'write_json': 'True', 'empty': 'None', 'log_cache_events': 'False', 'introspect': 'True', 'cache_selected_only': 'False', 'fail_fast': 'False', 'debug': 'False', 'log_format': 'default', 'partial_parse': 'True', 'send_anonymous_usage_stats': 'True', 'quiet': 'False', 'warn_error': 'None', 'profiles_dir': 'C:\\Users\\s_erf\\.dbt', 'use_colors': 'True', 'indirect_selection': 'eager', 'invocation_command': 'dbt debug --config-dir', 'use_experimental_parser': 'False', 'log_path': 'logs'}
[0m17:10:49.816551 [info ] [MainThread]: To view your profiles.yml file, run:

start C:\Users\s_erf\.dbt
[0m17:10:49.816551 [debug] [MainThread]: Command `dbt debug` succeeded at 17:10:49.816551 after 0.35 seconds
[0m17:10:49.816551 [debug] [MainThread]: Sending event: {'category': 'dbt', 'action': 'invocation', 'label': 'end', 'context': [<snowplow_tracker.self_describing_json.SelfDescribingJson object at 0x0000016310A19520>, <snowplow_tracker.self_describing_json.SelfDescribingJson object at 0x0000016310FDE2A0>, <snowplow_tracker.self_describing_json.SelfDescribingJson object at 0x00000163117F4740>]}
[0m17:10:49.816551 [debug] [MainThread]: Flushing usage events
[0m17:10:50.990767 [debug] [MainThread]: An error was encountered while trying to flush usage events
[0m17:11:16.065035 [debug] [MainThread]: Sending event: {'category': 'dbt', 'action': 'invocation', 'label': 'start', 'context': [<snowplow_tracker.self_describing_json.SelfDescribingJson object at 0x00000128D940DD90>, <snowplow_tracker.self_describing_json.SelfDescribingJson object at 0x00000128D940E540>, <snowplow_tracker.self_describing_json.SelfDescribingJson object at 0x00000128D940FE60>]}


============================== 17:11:16.073037 | 3cfa82ed-4dbf-4e89-86f1-bb1ea1b0b5d8 ==============================
[0m17:11:16.073037 [info ] [MainThread]: Running with dbt=1.12.0-b3
[0m17:11:16.075197 [debug] [MainThread]: running dbt with arguments {'version_check': 'True', 'no_print': 'None', 'static_parser': 'True', 'warn_error_options': 'WarnErrorOptionsV2(error=[], warn=[], silence=[])', 'maximum_seed_size_mib': '1', 'target_path': 'None', 'printer_width': '80', 'write_json': 'True', 'empty': 'None', 'log_cache_events': 'False', 'introspect': 'True', 'cache_selected_only': 'False', 'log_format': 'default', 'debug': 'False', 'fail_fast': 'False', 'partial_parse': 'True', 'send_anonymous_usage_stats': 'True', 'quiet': 'False', 'warn_error': 'None', 'profiles_dir': 'C:\\Users\\s_erf\\.dbt', 'invocation_command': 'dbt debug', 'use_colors': 'True', 'indirect_selection': 'eager', 'use_experimental_parser': 'False', 'log_path': 'logs'}
[0m17:11:16.113521 [info ] [MainThread]: dbt version: 1.12.0-b3
[0m17:11:16.114520 [info ] [MainThread]: python version: 3.12.2
[0m17:11:16.115694 [info ] [MainThread]: python path: C:\Users\s_erf\OneDrive\Documentos\GitHub Repositories\membership-data\.venv\Scripts\python.exe
[0m17:11:16.116693 [info ] [MainThread]: os info: Windows-11-10.0.26200-SP0
[0m17:11:16.230802 [info ] [MainThread]: Using profiles dir at C:\Users\s_erf\.dbt
[0m17:11:16.232805 [info ] [MainThread]: Using profiles.yml file at C:\Users\s_erf\.dbt\profiles.yml
[0m17:11:16.232805 [info ] [MainThread]: Using dbt_project.yml file at C:\Users\s_erf\OneDrive\Documentos\GitHub Repositories\membership-data\dbt_project.yml
[0m17:11:16.234803 [info ] [MainThread]: adapter type: postgres
[0m17:11:16.235765 [info ] [MainThread]: adapter version: 1.10.2
[0m17:11:16.236769 [info ] [MainThread]: Configuration:
[0m17:11:16.240765 [info ] [MainThread]:   profiles.yml file [[32mOK found and valid[0m]
[0m17:11:16.241764 [info ] [MainThread]:   dbt_project.yml file [[31mERROR not found[0m]
[0m17:11:16.242765 [info ] [MainThread]: Required dependencies:
[0m17:11:16.243768 [debug] [MainThread]: Executing "git --help"
[0m17:11:16.301152 [debug] [MainThread]: STDOUT: "b"usage: git [-v | --version] [-h | --help] [-C <path>] [-c <name>=<value>]\n           [--exec-path[=<path>]] [--html-path] [--man-path] [--info-path]\n           [-p | --paginate | -P | --no-pager] [--no-replace-objects] [--no-lazy-fetch]\n           [--no-optional-locks] [--no-advice] [--bare] [--git-dir=<path>]\n           [--work-tree=<path>] [--namespace=<name>] [--config-env=<name>=<envvar>]\n           <command> [<args>]\n\nThese are common Git commands used in various situations:\n\nstart a working area (see also: git help tutorial)\n   clone      Clone a repository into a new directory\n   init       Create an empty Git repository or reinitialize an existing one\n\nwork on the current change (see also: git help everyday)\n   add        Add file contents to the index\n   mv         Move or rename a file, a directory, or a symlink\n   restore    Restore working tree files\n   rm         Remove files from the working tree and from the index\n\nexamine the history and state (see also: git help revisions)\n   bisect     Use binary search to find the commit that introduced a bug\n   diff       Show changes between commits, commit and working tree, etc\n   grep       Print lines matching a pattern\n   log        Show commit logs\n   show       Show various types of objects\n   status     Show the working tree status\n\ngrow, mark and tweak your common history\n   backfill   Download missing objects in a partial clone\n   branch     List, create, or delete branches\n   commit     Record changes to the repository\n   merge      Join two or more development histories together\n   rebase     Reapply commits on top of another base tip\n   reset      Reset current HEAD to the specified state\n   switch     Switch branches\n   tag        Create, list, delete or verify a tag object signed with GPG\n\ncollaborate (see also: git help workflows)\n   fetch      Download objects and refs from another repository\n   pull       Fetch from and integrate with another repository or a local branch\n   push       Update remote refs along with associated objects\n\n'git help -a' and 'git help -g' list available subcommands and some\nconcept guides. See 'git help <command>' or 'git help <concept>'\nto read about a specific subcommand or concept.\nSee 'git help git' for an overview of the system.\n""
[0m17:11:16.302162 [debug] [MainThread]: STDERR: "b''"
[0m17:11:16.303167 [info ] [MainThread]:  - git [[32mOK found[0m]

[0m17:11:16.304170 [info ] [MainThread]: Connection:
[0m17:11:16.305169 [info ] [MainThread]:   host: localhost
[0m17:11:16.306166 [info ] [MainThread]:   port: 5432
[0m17:11:16.307163 [info ] [MainThread]:   user: admin
[0m17:11:16.308161 [info ] [MainThread]:   database: membership_db
[0m17:11:16.309162 [info ] [MainThread]:   schema: staging
[0m17:11:16.310165 [info ] [MainThread]:   connect_timeout: 10
[0m17:11:16.311165 [info ] [MainThread]:   role: None
[0m17:11:16.312166 [info ] [MainThread]:   search_path: None
[0m17:11:16.313170 [info ] [MainThread]:   keepalives_idle: 0
[0m17:11:16.313170 [info ] [MainThread]:   sslmode: None
[0m17:11:16.314164 [info ] [MainThread]:   sslcert: None
[0m17:11:16.315165 [info ] [MainThread]:   sslkey: None
[0m17:11:16.316162 [info ] [MainThread]:   sslrootcert: None
[0m17:11:16.318166 [info ] [MainThread]:   application_name: dbt
[0m17:11:16.319165 [info ] [MainThread]:   retries: 1
[0m17:11:16.320162 [info ] [MainThread]: Registered adapter: postgres=1.10.2
[0m17:11:16.864849 [debug] [MainThread]: Acquiring new postgres connection 'debug'
[0m17:11:17.007100 [debug] [MainThread]: Using postgres connection "debug"
[0m17:11:17.008102 [debug] [MainThread]: On debug: select 1 as id
[0m17:11:17.009106 [debug] [MainThread]: Opening a new connection, currently in state init
[0m17:11:17.046614 [debug] [MainThread]: SQL status: SELECT 1 in 0.038 seconds
[0m17:11:17.048612 [debug] [MainThread]: On debug: Close
[0m17:11:17.049611 [info ] [MainThread]:   Connection test: [[32mOK connection ok[0m]

[0m17:11:17.050623 [info ] [MainThread]: [31m1 check failed:[0m
[0m17:11:17.051619 [info ] [MainThread]: Project loading failed for the following reason:
 project path <C:\Users\s_erf\OneDrive\Documentos\GitHub Repositories\membership-data\dbt_project.yml> not found

[0m17:11:17.054616 [debug] [MainThread]: Command `dbt debug` failed at 17:11:17.053614 after 1.28 seconds
[0m17:11:17.055613 [debug] [MainThread]: Connection 'debug' was properly closed.
[0m17:11:17.055613 [debug] [MainThread]: Sending event: {'category': 'dbt', 'action': 'invocation', 'label': 'end', 'context': [<snowplow_tracker.self_describing_json.SelfDescribingJson object at 0x00000128D92FF9E0>, <snowplow_tracker.self_describing_json.SelfDescribingJson object at 0x00000128D63F2C00>, <snowplow_tracker.self_describing_json.SelfDescribingJson object at 0x00000128D71AF650>]}
[0m17:11:17.056612 [debug] [MainThread]: Flushing usage events
[0m17:11:18.791048 [debug] [MainThread]: An error was encountered while trying to flush usage events
[0m17:12:56.641830 [debug] [MainThread]: Sending event: {'category': 'dbt', 'action': 'invocation', 'label': 'start', 'context': [<snowplow_tracker.self_describing_json.SelfDescribingJson object at 0x0000020BB9CC0050>, <snowplow_tracker.self_describing_json.SelfDescribingJson object at 0x0000020BBBFD69C0>, <snowplow_tracker.self_describing_json.SelfDescribingJson object at 0x0000020BBBFD6B40>]}


============================== 17:12:56.641830 | 501d80b9-f04a-4d27-90c6-4cd2260818d2 ==============================
[0m17:12:56.641830 [info ] [MainThread]: Running with dbt=1.12.0-b3
[0m17:12:56.657682 [debug] [MainThread]: running dbt with arguments {'maximum_seed_size_mib': '1', 'no_print': 'None', 'static_parser': 'True', 'target_path': 'None', 'warn_error_options': 'WarnErrorOptionsV2(error=[], warn=[], silence=[])', 'version_check': 'True', 'printer_width': '80', 'write_json': 'True', 'empty': 'None', 'log_cache_events': 'False', 'introspect': 'True', 'cache_selected_only': 'False', 'log_format': 'default', 'debug': 'False', 'fail_fast': 'False', 'partial_parse': 'True', 'send_anonymous_usage_stats': 'True', 'quiet': 'False', 'warn_error': 'None', 'profiles_dir': 'C:\\Users\\s_erf\\.dbt', 'invocation_command': 'dbt debug', 'use_colors': 'True', 'indirect_selection': 'eager', 'use_experimental_parser': 'False', 'log_path': 'logs'}
[0m17:12:56.684640 [info ] [MainThread]: dbt version: 1.12.0-b3
[0m17:12:56.690461 [info ] [MainThread]: python version: 3.12.2
[0m17:12:56.691964 [info ] [MainThread]: python path: C:\Users\s_erf\OneDrive\Documentos\GitHub Repositories\membership-data\.venv\Scripts\python.exe
[0m17:12:56.691964 [info ] [MainThread]: os info: Windows-11-10.0.26200-SP0
[0m17:12:56.774572 [info ] [MainThread]: Using profiles dir at C:\Users\s_erf\.dbt
[0m17:12:56.774572 [info ] [MainThread]: Using profiles.yml file at C:\Users\s_erf\.dbt\profiles.yml
[0m17:12:56.774572 [info ] [MainThread]: Using dbt_project.yml file at C:\Users\s_erf\OneDrive\Documentos\GitHub Repositories\membership-data\dbt_project.yml
[0m17:12:56.774572 [info ] [MainThread]: adapter type: postgres
[0m17:12:56.774572 [info ] [MainThread]: adapter version: 1.10.2
[0m17:12:56.774572 [info ] [MainThread]: Configuration:
[0m17:12:56.774572 [info ] [MainThread]:   profiles.yml file [[32mOK found and valid[0m]
[0m17:12:56.774572 [info ] [MainThread]:   dbt_project.yml file [[31mERROR not found[0m]
[0m17:12:56.774572 [info ] [MainThread]: Required dependencies:
[0m17:12:56.787771 [debug] [MainThread]: Executing "git --help"
[0m17:12:56.824482 [debug] [MainThread]: STDOUT: "b"usage: git [-v | --version] [-h | --help] [-C <path>] [-c <name>=<value>]\n           [--exec-path[=<path>]] [--html-path] [--man-path] [--info-path]\n           [-p | --paginate | -P | --no-pager] [--no-replace-objects] [--no-lazy-fetch]\n           [--no-optional-locks] [--no-advice] [--bare] [--git-dir=<path>]\n           [--work-tree=<path>] [--namespace=<name>] [--config-env=<name>=<envvar>]\n           <command> [<args>]\n\nThese are common Git commands used in various situations:\n\nstart a working area (see also: git help tutorial)\n   clone      Clone a repository into a new directory\n   init       Create an empty Git repository or reinitialize an existing one\n\nwork on the current change (see also: git help everyday)\n   add        Add file contents to the index\n   mv         Move or rename a file, a directory, or a symlink\n   restore    Restore working tree files\n   rm         Remove files from the working tree and from the index\n\nexamine the history and state (see also: git help revisions)\n   bisect     Use binary search to find the commit that introduced a bug\n   diff       Show changes between commits, commit and working tree, etc\n   grep       Print lines matching a pattern\n   log        Show commit logs\n   show       Show various types of objects\n   status     Show the working tree status\n\ngrow, mark and tweak your common history\n   backfill   Download missing objects in a partial clone\n   branch     List, create, or delete branches\n   commit     Record changes to the repository\n   merge      Join two or more development histories together\n   rebase     Reapply commits on top of another base tip\n   reset      Reset current HEAD to the specified state\n   switch     Switch branches\n   tag        Create, list, delete or verify a tag object signed with GPG\n\ncollaborate (see also: git help workflows)\n   fetch      Download objects and refs from another repository\n   pull       Fetch from and integrate with another repository or a local branch\n   push       Update remote refs along with associated objects\n\n'git help -a' and 'git help -g' list available subcommands and some\nconcept guides. See 'git help <command>' or 'git help <concept>'\nto read about a specific subcommand or concept.\nSee 'git help git' for an overview of the system.\n""
[0m17:12:56.824482 [debug] [MainThread]: STDERR: "b''"
[0m17:12:56.824482 [info ] [MainThread]:  - git [[32mOK found[0m]

[0m17:12:56.824482 [info ] [MainThread]: Connection:
[0m17:12:56.839629 [info ] [MainThread]:   host: localhost
[0m17:12:56.840541 [info ] [MainThread]:   port: 5432
[0m17:12:56.840949 [info ] [MainThread]:   user: admin
[0m17:12:56.840949 [info ] [MainThread]:   database: membership_db
[0m17:12:56.840949 [info ] [MainThread]:   schema: staging
[0m17:12:56.840949 [info ] [MainThread]:   connect_timeout: 10
[0m17:12:56.840949 [info ] [MainThread]:   role: None
[0m17:12:56.840949 [info ] [MainThread]:   search_path: None
[0m17:12:56.840949 [info ] [MainThread]:   keepalives_idle: 0
[0m17:12:56.846552 [info ] [MainThread]:   sslmode: None
[0m17:12:56.847552 [info ] [MainThread]:   sslcert: None
[0m17:12:56.847552 [info ] [MainThread]:   sslkey: None
[0m17:12:56.848590 [info ] [MainThread]:   sslrootcert: None
[0m17:12:56.849070 [info ] [MainThread]:   application_name: dbt
[0m17:12:56.849070 [info ] [MainThread]:   retries: 1
[0m17:12:56.849070 [info ] [MainThread]: Registered adapter: postgres=1.10.2
[0m17:12:57.259164 [debug] [MainThread]: Acquiring new postgres connection 'debug'
[0m17:12:57.370336 [debug] [MainThread]: Using postgres connection "debug"
[0m17:12:57.370336 [debug] [MainThread]: On debug: select 1 as id
[0m17:12:57.370336 [debug] [MainThread]: Opening a new connection, currently in state init
[0m17:12:57.397816 [debug] [MainThread]: SQL status: SELECT 1 in 0.028 seconds
[0m17:12:57.399826 [debug] [MainThread]: On debug: Close
[0m17:12:57.401836 [info ] [MainThread]:   Connection test: [[32mOK connection ok[0m]

[0m17:12:57.402844 [info ] [MainThread]: [31m1 check failed:[0m
[0m17:12:57.402844 [info ] [MainThread]: Project loading failed for the following reason:
 project path <C:\Users\s_erf\OneDrive\Documentos\GitHub Repositories\membership-data\dbt_project.yml> not found

[0m17:12:57.402844 [debug] [MainThread]: Command `dbt debug` failed at 17:12:57.402844 after 1.01 seconds
[0m17:12:57.402844 [debug] [MainThread]: Connection 'debug' was properly closed.
[0m17:12:57.406835 [debug] [MainThread]: Sending event: {'category': 'dbt', 'action': 'invocation', 'label': 'end', 'context': [<snowplow_tracker.self_describing_json.SelfDescribingJson object at 0x0000020BBCD8F590>, <snowplow_tracker.self_describing_json.SelfDescribingJson object at 0x0000020BBD3DBC50>, <snowplow_tracker.self_describing_json.SelfDescribingJson object at 0x0000020BBC76B590>]}
[0m17:12:57.407490 [debug] [MainThread]: Flushing usage events
[0m17:12:58.551173 [debug] [MainThread]: An error was encountered while trying to flush usage events
[0m17:15:32.957320 [debug] [MainThread]: Sending event: {'category': 'dbt', 'action': 'invocation', 'label': 'start', 'context': [<snowplow_tracker.self_describing_json.SelfDescribingJson object at 0x000002801B07AC00>, <snowplow_tracker.self_describing_json.SelfDescribingJson object at 0x0000028019C3D9A0>, <snowplow_tracker.self_describing_json.SelfDescribingJson object at 0x000002801B07AD20>]}


============================== 17:15:32.983977 | 812f8d82-93d5-454a-bb83-7d80d756d4c5 ==============================
[0m17:15:32.983977 [info ] [MainThread]: Running with dbt=1.12.0-b3
[0m17:15:32.988615 [debug] [MainThread]: running dbt with arguments {'static_parser': 'True', 'no_print': 'None', 'version_check': 'True', 'target_path': 'None', 'warn_error_options': 'WarnErrorOptionsV2(error=[], warn=[], silence=[])', 'maximum_seed_size_mib': '1', 'printer_width': '80', 'write_json': 'True', 'introspect': 'True', 'log_cache_events': 'False', 'empty': 'False', 'cache_selected_only': 'False', 'log_format': 'default', 'debug': 'False', 'fail_fast': 'False', 'profiles_dir': 'C:\\Users\\s_erf\\.dbt', 'send_anonymous_usage_stats': 'True', 'quiet': 'False', 'warn_error': 'None', 'partial_parse': 'True', 'indirect_selection': 'eager', 'use_colors': 'True', 'invocation_command': 'dbt run', 'use_experimental_parser': 'False', 'log_path': 'logs'}
[0m17:15:32.988615 [error] [MainThread]: [[31mERROR[0m]: Encountered an error:
Runtime Error
  No dbt_project.yml found at expected path C:\Users\s_erf\OneDrive\Documentos\GitHub Repositories\membership-data\dbt_project.yml
  Verify that each entry within packages.yml (and their transitive dependencies) contains a file named dbt_project.yml
  
[0m17:15:32.995696 [debug] [MainThread]: Command `dbt run` failed at 17:15:32.988615 after 0.55 seconds
[0m17:15:32.996741 [debug] [MainThread]: Sending event: {'category': 'dbt', 'action': 'invocation', 'label': 'end', 'context': [<snowplow_tracker.self_describing_json.SelfDescribingJson object at 0x0000028019F71C40>, <snowplow_tracker.self_describing_json.SelfDescribingJson object at 0x00000280178C11C0>, <snowplow_tracker.self_describing_json.SelfDescribingJson object at 0x0000028019C3D9A0>]}
[0m17:15:33.000343 [debug] [MainThread]: Flushing usage events
[0m17:15:33.820804 [debug] [MainThread]: An error was encountered while trying to flush usage events
[0m18:00:29.289881 [debug] [MainThread]: Sending event: {'category': 'dbt', 'action': 'invocation', 'label': 'start', 'context': [<snowplow_tracker.self_describing_json.SelfDescribingJson object at 0x000001FD64749310>, <snowplow_tracker.self_describing_json.SelfDescribingJson object at 0x000001FD6212BFE0>, <snowplow_tracker.self_describing_json.SelfDescribingJson object at 0x000001FD5FEAC590>]}


============================== 18:00:29.297917 | e4ed7a6d-bfa7-42de-94f2-0c8381465146 ==============================
[0m18:00:29.297917 [info ] [MainThread]: Running with dbt=1.12.0-b3
[0m18:00:29.298918 [debug] [MainThread]: running dbt with arguments {'static_parser': 'True', 'no_print': 'None', 'version_check': 'True', 'warn_error_options': 'WarnErrorOptionsV2(error=[], warn=[], silence=[])', 'target_path': 'None', 'maximum_seed_size_mib': '1', 'printer_width': '80', 'write_json': 'True', 'empty': 'None', 'log_cache_events': 'False', 'introspect': 'True', 'cache_selected_only': 'False', 'log_format': 'default', 'debug': 'False', 'fail_fast': 'False', 'profiles_dir': 'C:\\Users\\s_erf\\.dbt', 'send_anonymous_usage_stats': 'True', 'quiet': 'False', 'warn_error': 'None', 'partial_parse': 'True', 'invocation_command': 'dbt parse', 'indirect_selection': 'eager', 'use_colors': 'True', 'use_experimental_parser': 'False', 'log_path': 'logs'}
[0m18:00:29.298918 [error] [MainThread]: [[31mERROR[0m]: Encountered an error:
Runtime Error
  No dbt_project.yml found at expected path C:\Users\s_erf\OneDrive\Documentos\GitHub Repositories\membership-data\dbt_project.yml
  Verify that each entry within packages.yml (and their transitive dependencies) contains a file named dbt_project.yml
  
[0m18:00:29.299915 [debug] [MainThread]: Command `dbt parse` failed at 18:00:29.299915 after 0.30 seconds
[0m18:00:29.300916 [debug] [MainThread]: Sending event: {'category': 'dbt', 'action': 'invocation', 'label': 'end', 'context': [<snowplow_tracker.self_describing_json.SelfDescribingJson object at 0x000001FD5EFBBDD0>, <snowplow_tracker.self_describing_json.SelfDescribingJson object at 0x000001FD648D2D20>, <snowplow_tracker.self_describing_json.SelfDescribingJson object at 0x000001FD648D2FF0>]}
[0m18:00:29.301915 [debug] [MainThread]: Flushing usage events
[0m18:00:29.975630 [debug] [MainThread]: An error was encountered while trying to flush usage events
